LX51 LINKER/LOCATER V4.66.93.0                                                          07/09/2019  10:52:57  PAGE 1


LX51 LINKER/LOCATER V4.66.93.0, INVOKED BY:
D:\SOFT\KEIL5\C51\BIN\LX51.EXE .\lib\dgus.obj, .\lib\main.obj TO .\lib\dgus_api PRINT (.\list\dgus_api.map) REMOVEUNUSED
>>  CLASSES (XDATA (X:0X8000-X:0XFFFF), HDATA (X:0X8000-X:0XFFFF))


CPU MODE:     8051 MODE
MEMORY MODEL: LARGE


INPUT MODULES INCLUDED:
  .\lib\dgus.obj (DGUS)
         COMMENT TYPE 0: C51 V9.59.0.0
  .\lib\main.obj (MAIN)
         COMMENT TYPE 0: C51 V9.59.0.0
  D:\SOFT\KEIL5\C51\LIB\C51L.LIB (?C?CLDPTR)
         COMMENT TYPE 1: A51 / ASM51 Assembler
  D:\SOFT\KEIL5\C51\LIB\C51L.LIB (?C?CSTPTR)
         COMMENT TYPE 1: A51 / ASM51 Assembler
  D:\SOFT\KEIL5\C51\LIB\C51L.LIB (?C?ILDIX)
         COMMENT TYPE 1: A51 / ASM51 Assembler
  D:\SOFT\KEIL5\C51\LIB\C51L.LIB (?C?ULSHR)
         COMMENT TYPE 1: A51 / ASM51 Assembler
  D:\SOFT\KEIL5\C51\LIB\C51L.LIB (?C?LSTXDATA)
         COMMENT TYPE 1: A51 / ASM51 Assembler


ACTIVE MEMORY CLASSES OF MODULE:  .\lib\dgus_api (DGUS)

BASE        START       END         USED      MEMORY CLASS
==========================================================
X:000000H   X:008000H   X:00FFFFH             XDATA
X:000000H   X:008000H   X:00FFFFH             HDATA
C:000000H   C:000000H   C:00FFFFH   000060H   CODE
I:000000H   I:000000H   I:00007FH   000008H   DATA


MEMORY MAP OF MODULE:  .\lib\dgus_api (DGUS)


START     STOP      LENGTH    ALIGN  RELOC    MEMORY CLASS   SEGMENT NAME
=========================================================================

* * * * * * * * * * *   D A T A   M E M O R Y   * * * * * * * * * * * * *
000000H   000007H   000008H   ---    AT..     DATA           "REG BANK 0"

* * * * * * * * * * *   C O D E   M E M O R Y   * * * * * * * * * * * * *
000000H   00005FH   000060H   BYTE   UNIT     CODE           ?C?LIB_CODE

* * * * * * * * *   R E M O V E D     S E G M E N T S   * * * * * * * *
   *DEL*:           0001AFH   BYTE   UNIT     CODE           ?PR?_READDGUS?DGUS
   *DEL*:           00000AH   BYTE   UNIT     XDATA          ?XD?_READDGUS?DGUS
   *DEL*:           0001AEH   BYTE   UNIT     CODE           ?PR?_WRITEDGUS?DGUS
   *DEL*:           000009H   BYTE   UNIT     XDATA          ?XD?_WRITEDGUS?DGUS
   *DEL*:           000001H   BYTE   UNIT     CODE           ?PR?MIAN?MAIN



OVERLAY MAP OF MODULE:   .\lib\dgus_api (DGUS)


FUNCTION/MODULE              BIT_GROUP   DATA_GROUP 
--> CALLED FUNCTION/MODULE  START  STOP  START  STOP
====================================================


PUBLIC SYMBOLS OF MODULE:  .\lib\dgus_api (DGUS)
LX51 LINKER/LOCATER V4.66.93.0                                                        07/09/2019  10:52:57  PAGE 2




      VALUE       CLASS    TYPE      PUBLIC SYMBOL NAME
      =================================================
*DEL*:00000000H   XDATA    BYTE      ?_ReadDGUS?BYTE
*DEL*:00000000H   XDATA    BYTE      ?_WriteDGUS?BYTE
      01000000H   CODE     ---       ?C?CLDPTR
      00000000H   NUMBER   ---       ?C?CODESEG
      01000019H   CODE     ---       ?C?CSTPTR
      0100002BH   CODE     ---       ?C?ILDIX
      01000054H   CODE     ---       ?C?LSTXDATA
      01000041H   CODE     ---       ?C?ULSHR
      00000000H   NUMBER   ---       ?C?XDATASEG
*DEL*:00000000H   CODE     ---       _ReadDGUS
*DEL*:00000000H   CODE     ---       _WriteDGUS
*SFR* 000000D0H.6 DATA     BIT       AC
*SFR* 000000E0H   DATA     BYTE      ACC
*SFR* 000000D8H   DATA     BYTE      ADCON
*SFR* 000000F1H   DATA     BYTE      ADR_H
*SFR* 000000F4H   DATA     BYTE      ADR_INC
*SFR* 000000F3H   DATA     BYTE      ADR_L
*SFR* 000000F2H   DATA     BYTE      ADR_M
*SFR* 000000F8H.4 DATA     BIT       APP_ACK
*SFR* 000000F8H.6 DATA     BIT       APP_EN
*SFR* 000000F8H.7 DATA     BIT       APP_REQ
*SFR* 000000F8H.5 DATA     BIT       APP_RW
*SFR* 000000F0H   DATA     BYTE      B
*SFR* 000000D9H   DATA     BYTE      BODE2_DIV_H
*SFR* 000000E7H   DATA     BYTE      BODE2_DIV_L
*SFR* 000000AEH   DATA     BYTE      BODE3_DIV_H
*SFR* 000000AFH   DATA     BYTE      BODE3_DIV_L
*SFR* 0000008FH   DATA     BYTE      CAN_CR
*SFR* 000000E8H   DATA     BYTE      CAN_ET
*SFR* 00000091H   DATA     BYTE      CAN_IR
*SFR* 00000090H.0 DATA     BIT       CH376_A0
*SFR* 00000090H.1 DATA     BIT       CH376_CS
*SFR* 00000090H.4 DATA     BIT       CH376_INT_WIRE
*SFR* 00000090H.3 DATA     BIT       CH376_RD
*SFR* 00000090H.2 DATA     BIT       CH376_WR
*SFR* 0000008EH   DATA     BYTE      CKCON
*SFR* 000000D0H.7 DATA     BIT       CY
*SFR* 00000095H   DATA     BYTE      D_PAGESEL
*SFR* 000000FDH   DATA     BYTE      DATA0
*SFR* 000000FCH   DATA     BYTE      DATA1
*SFR* 000000FBH   DATA     BYTE      DATA2
*SFR* 000000FAH   DATA     BYTE      DATA3
*SFR* 000000E6H   DATA     BYTE      DIV_MODE
*SFR* 00000093H   DATA     BYTE      DPC
*SFR* 00000083H   DATA     BYTE      DPH
*SFR* 00000082H   DATA     BYTE      DPL
*SFR* 000000A8H.7 DATA     BIT       EA
*SFR* 000000B8H.1 DATA     BIT       ECAN
*SFR* 000000A8H.4 DATA     BIT       ES0
*SFR* 000000B8H.3 DATA     BIT       ES2R
*SFR* 000000B8H.2 DATA     BIT       ES2T
*SFR* 000000B8H.5 DATA     BIT       ES3R
*SFR* 000000B8H.4 DATA     BIT       ES3T
*SFR* 000000A8H.1 DATA     BIT       ET0
*SFR* 000000A8H.3 DATA     BIT       ET1
*SFR* 000000A8H.5 DATA     BIT       ET2
*SFR* 000000A8H.0 DATA     BIT       EX0
*SFR* 000000A8H.2 DATA     BIT       EX1
*SFR* 000000FEH   DATA     BYTE      EXADR
*SFR* 000000FFH   DATA     BYTE      EXDATA
*SFR* 000000D0H.5 DATA     BIT       F0
LX51 LINKER/LOCATER V4.66.93.0                                                        07/09/2019  10:52:57  PAGE 3


*SFR* 000000D0H.1 DATA     BIT       F1
*SFR* 00000088H.1 DATA     BIT       IE0
*SFR* 00000088H.3 DATA     BIT       IE1
*SFR* 000000A8H   DATA     BYTE      IEN0
*SFR* 000000B8H   DATA     BYTE      IEN1
*SFR* 0000009AH   DATA     BYTE      IEN2
*SFR* 000000D1H   DATA     BYTE      IEN3
*SFR* 000000A9H   DATA     BYTE      IP0
*SFR* 000000B9H   DATA     BYTE      IP1
*SFR* 000000C0H   DATA     BYTE      IRCON
*SFR* 000000BFH   DATA     BYTE      IRCON2
*SFR* 00000088H.0 DATA     BIT       IT0
*SFR* 00000088H.2 DATA     BIT       IT1
*SFR* 000000E5H   DATA     BYTE      MAC_MODE
*DEL*:00000000H   CODE     ---       mian
*SFR* 000000C9H   DATA     BYTE      MUX_SEL
*SFR* 000000D0H.2 DATA     BIT       OV
*SFR* 000000D0H.0 DATA     BIT       P
*SFR* 00000080H   DATA     BYTE      P0
*SFR* 000000B7H   DATA     BYTE      P0MDOUT
*SFR* 00000090H   DATA     BYTE      P1
*SFR* 000000BCH   DATA     BYTE      P1MDOUT
*SFR* 000000A0H   DATA     BYTE      P2
*SFR* 000000BDH   DATA     BYTE      P2MDOUT
*SFR* 000000B0H   DATA     BYTE      P3
*SFR* 000000BEH   DATA     BYTE      P3MDOUT
*SFR* 00000094H   DATA     BYTE      PAGESEL
*SFR* 00000087H   DATA     BYTE      PCON
*SFR* 000000F9H   DATA     BYTE      PORTDRV
*SFR* 000000D0H   DATA     BYTE      PSW
*SFR* 000000F8H   DATA     BYTE      RAMMODE
*SFR* 00000098H.0 DATA     BIT       RI0
*SFR* 000000D0H.3 DATA     BIT       RS0
*SFR* 000000D0H.4 DATA     BIT       RS1
*SFR* 00000099H   DATA     BYTE      SBUF0
*SFR* 0000009CH   DATA     BYTE      SBUF1
*SFR* 0000009FH   DATA     BYTE      SBUF2_RX
*SFR* 0000009EH   DATA     BYTE      SBUF2_TX
*SFR* 000000ADH   DATA     BYTE      SBUF3_RX
*SFR* 000000ACH   DATA     BYTE      SBUF3_TX
*SFR* 00000098H   DATA     BYTE      SCON0
*SFR* 0000009BH   DATA     BYTE      SCON1
*SFR* 00000097H   DATA     BYTE      SCON2R
*SFR* 00000096H   DATA     BYTE      SCON2T
*SFR* 000000ABH   DATA     BYTE      SCON3R
*SFR* 000000A7H   DATA     BYTE      SCON3T
*SFR* 00000081H   DATA     BYTE      SP
*SFR* 000000BAH   DATA     BYTE      SREL0H
*SFR* 000000AAH   DATA     BYTE      SREL0L
*SFR* 000000BBH   DATA     BYTE      SREL1H
*SFR* 0000009DH   DATA     BYTE      SREL1L
*SFR* 000000C8H   DATA     BYTE      T2CON
*SFR* 00000088H   DATA     BYTE      TCON
*SFR* 00000088H.5 DATA     BIT       TF0
*SFR* 00000088H.7 DATA     BIT       TF1
*SFR* 000000C0H.6 DATA     BIT       TF2
*SFR* 0000008CH   DATA     BYTE      TH0
*SFR* 0000008DH   DATA     BYTE      TH1
*SFR* 000000CDH   DATA     BYTE      TH2
*SFR* 00000098H.1 DATA     BIT       TI0
*SFR* 0000008AH   DATA     BYTE      TL0
*SFR* 0000008BH   DATA     BYTE      TL1
*SFR* 000000CCH   DATA     BYTE      TL2
*SFR* 00000089H   DATA     BYTE      TMOD
*SFR* 00000088H.4 DATA     BIT       TR0
LX51 LINKER/LOCATER V4.66.93.0                                                        07/09/2019  10:52:57  PAGE 4


*SFR* 00000088H.6 DATA     BIT       TR1
*SFR* 000000C8H.0 DATA     BIT       TR2
*SFR* 000000CBH   DATA     BYTE      TRL2H
*SFR* 000000CAH   DATA     BYTE      TRL2L



SYMBOL TABLE OF MODULE:  .\lib\dgus_api (DGUS)

      VALUE       REP       CLASS    TYPE      SYMBOL NAME
      ====================================================
      ---         MODULE    ---      ---       DGUS
      000000F1H   SFRSYM    DATA     BYTE      ADR_H
      00000080H   SFRSYM    DATA     BYTE      P0
      00000090H   SFRSYM    DATA     BYTE      P1
      000000A0H   SFRSYM    DATA     BYTE      P2
      000000B0H   SFRSYM    DATA     BYTE      P3
      000000F3H   SFRSYM    DATA     BYTE      ADR_L
      000000D0H.6 SFRSYM    DATA     BIT       AC
      00000094H   SFRSYM    DATA     BYTE      PAGESEL
      000000F2H   SFRSYM    DATA     BYTE      ADR_M
      000000A8H.7 SFRSYM    DATA     BIT       EA
      000000F8H   SFRSYM    DATA     BYTE      RAMMODE
      000000B7H   SFRSYM    DATA     BYTE      P0MDOUT
      000000BCH   SFRSYM    DATA     BYTE      P1MDOUT
      000000A8H   SFRSYM    DATA     BYTE      IEN0
      000000BDH   SFRSYM    DATA     BYTE      P2MDOUT
      000000B8H   SFRSYM    DATA     BYTE      IEN1
      000000BEH   SFRSYM    DATA     BYTE      P3MDOUT
      0000009AH   SFRSYM    DATA     BYTE      IEN2
      000000D1H   SFRSYM    DATA     BYTE      IEN3
      00000090H.4 SFRSYM    DATA     BIT       CH376_INT_WIRE
      000000F8H.4 SFRSYM    DATA     BIT       APP_ACK
      000000F4H   SFRSYM    DATA     BYTE      ADR_INC
      000000B8H.1 SFRSYM    DATA     BIT       ECAN
      000000D0H.7 SFRSYM    DATA     BIT       CY
      000000B8H.3 SFRSYM    DATA     BIT       ES2R
      000000B8H.5 SFRSYM    DATA     BIT       ES3R
      000000B8H.2 SFRSYM    DATA     BIT       ES2T
      000000B8H.4 SFRSYM    DATA     BIT       ES3T
      00000090H.3 SFRSYM    DATA     BIT       CH376_RD
      00000090H.1 SFRSYM    DATA     BIT       CH376_CS
      00000081H   SFRSYM    DATA     BYTE      SP
      000000D0H.2 SFRSYM    DATA     BIT       OV
      00000095H   SFRSYM    DATA     BYTE      D_PAGESEL
      000000F8H.7 SFRSYM    DATA     BIT       APP_REQ
      000000BFH   SFRSYM    DATA     BYTE      IRCON2
      000000BAH   SFRSYM    DATA     BYTE      SREL0H
      000000BBH   SFRSYM    DATA     BYTE      SREL1H
      00000087H   SFRSYM    DATA     BYTE      PCON
      000000F9H   SFRSYM    DATA     BYTE      PORTDRV
      000000AAH   SFRSYM    DATA     BYTE      SREL0L
      0000009DH   SFRSYM    DATA     BYTE      SREL1L
      00000089H   SFRSYM    DATA     BYTE      TMOD
      00000088H   SFRSYM    DATA     BYTE      TCON
      00000090H.2 SFRSYM    DATA     BIT       CH376_WR
      000000FFH   SFRSYM    DATA     BYTE      EXDATA
      00000097H   SFRSYM    DATA     BYTE      SCON2R
      000000ABH   SFRSYM    DATA     BYTE      SCON3R
      000000D9H   SFRSYM    DATA     BYTE      BODE2_DIV_H
      000000AEH   SFRSYM    DATA     BYTE      BODE3_DIV_H
      00000096H   SFRSYM    DATA     BYTE      SCON2T
      000000A7H   SFRSYM    DATA     BYTE      SCON3T
      000000E7H   SFRSYM    DATA     BYTE      BODE2_DIV_L
      00000088H.1 SFRSYM    DATA     BIT       IE0
LX51 LINKER/LOCATER V4.66.93.0                                                        07/09/2019  10:52:57  PAGE 5


      000000AFH   SFRSYM    DATA     BYTE      BODE3_DIV_L
      00000088H.3 SFRSYM    DATA     BIT       IE1
      000000C9H   SFRSYM    DATA     BYTE      MUX_SEL
      000000F0H   SFRSYM    DATA     BYTE      B
      000000E0H   SFRSYM    DATA     BYTE      ACC
      0000008FH   SFRSYM    DATA     BYTE      CAN_CR
      000000A8H.4 SFRSYM    DATA     BIT       ES0
      000000A9H   SFRSYM    DATA     BYTE      IP0
      000000A8H.1 SFRSYM    DATA     BIT       ET0
      000000B9H   SFRSYM    DATA     BYTE      IP1
      000000A8H.3 SFRSYM    DATA     BIT       ET1
      00000088H.5 SFRSYM    DATA     BIT       TF0
      000000FDH   SFRSYM    DATA     BYTE      DATA0
      000000A8H.5 SFRSYM    DATA     BIT       ET2
      00000098H.0 SFRSYM    DATA     BIT       RI0
      00000088H.7 SFRSYM    DATA     BIT       TF1
      000000E8H   SFRSYM    DATA     BYTE      CAN_ET
      000000FCH   SFRSYM    DATA     BYTE      DATA1
      000000C0H.6 SFRSYM    DATA     BIT       TF2
      0000008CH   SFRSYM    DATA     BYTE      TH0
      000000FBH   SFRSYM    DATA     BYTE      DATA2
      000000A8H.0 SFRSYM    DATA     BIT       EX0
      00000098H.1 SFRSYM    DATA     BIT       TI0
      0000008DH   SFRSYM    DATA     BYTE      TH1
      00000088H.0 SFRSYM    DATA     BIT       IT0
      00000091H   SFRSYM    DATA     BYTE      CAN_IR
      000000FAH   SFRSYM    DATA     BYTE      DATA3
      000000CDH   SFRSYM    DATA     BYTE      TH2
      000000A8H.2 SFRSYM    DATA     BIT       EX1
      00000088H.2 SFRSYM    DATA     BIT       IT1
      000000D0H.0 SFRSYM    DATA     BIT       P
      0000008AH   SFRSYM    DATA     BYTE      TL0
      0000008BH   SFRSYM    DATA     BYTE      TL1
      000000CCH   SFRSYM    DATA     BYTE      TL2
      000000F8H.6 SFRSYM    DATA     BIT       APP_EN
      000000D0H.3 SFRSYM    DATA     BIT       RS0
      000000D0H.4 SFRSYM    DATA     BIT       RS1
      00000088H.4 SFRSYM    DATA     BIT       TR0
      00000093H   SFRSYM    DATA     BYTE      DPC
      00000088H.6 SFRSYM    DATA     BIT       TR1
      000000E5H   SFRSYM    DATA     BYTE      MAC_MODE
      000000C8H.0 SFRSYM    DATA     BIT       TR2
      00000083H   SFRSYM    DATA     BYTE      DPH
      00000082H   SFRSYM    DATA     BYTE      DPL
      00000099H   SFRSYM    DATA     BYTE      SBUF0
      0000009CH   SFRSYM    DATA     BYTE      SBUF1
      00000098H   SFRSYM    DATA     BYTE      SCON0
      0000009BH   SFRSYM    DATA     BYTE      SCON1
      000000D8H   SFRSYM    DATA     BYTE      ADCON
      000000C8H   SFRSYM    DATA     BYTE      T2CON
      000000E6H   SFRSYM    DATA     BYTE      DIV_MODE
      000000F8H.5 SFRSYM    DATA     BIT       APP_RW
      000000CBH   SFRSYM    DATA     BYTE      TRL2H
      0000009FH   SFRSYM    DATA     BYTE      SBUF2_RX
      000000ADH   SFRSYM    DATA     BYTE      SBUF3_RX
      0000008EH   SFRSYM    DATA     BYTE      CKCON
      0000009EH   SFRSYM    DATA     BYTE      SBUF2_TX
      000000ACH   SFRSYM    DATA     BYTE      SBUF3_TX
      000000CAH   SFRSYM    DATA     BYTE      TRL2L
      000000FEH   SFRSYM    DATA     BYTE      EXADR
      000000D0H.5 SFRSYM    DATA     BIT       F0
      000000D0H.1 SFRSYM    DATA     BIT       F1
      000000D0H   SFRSYM    DATA     BYTE      PSW
      000000C0H   SFRSYM    DATA     BYTE      IRCON
      00000090H.0 SFRSYM    DATA     BIT       CH376_A0
LX51 LINKER/LOCATER V4.66.93.0                                                        07/09/2019  10:52:57  PAGE 6


      00000003H   SYMBOL    DATA     BYTE      Offset
      00000003H   SYMBOL    DATA     BYTE      Offset
      00000005H   SYMBOL    DATA     BYTE      EndLen

      ---         MODULE    ---      ---       MAIN

      ---         MODULE    ---      ---       ?C?CLDPTR
      01000000H   PUBLIC    CODE     ---       ?C?CLDPTR

      ---         MODULE    ---      ---       ?C?CSTPTR
      01000019H   PUBLIC    CODE     ---       ?C?CSTPTR

      ---         MODULE    ---      ---       ?C?ILDIX
      0100002BH   PUBLIC    CODE     ---       ?C?ILDIX

      ---         MODULE    ---      ---       ?C?ULSHR
      01000041H   PUBLIC    CODE     ---       ?C?ULSHR

      ---         MODULE    ---      ---       ?C?LSTXDATA
      01000054H   PUBLIC    CODE     ---       ?C?LSTXDATA



*** WARNING L10: CANNOT DETERMINE ROOT SEGMENT

Program Size: data=8.0 xdata=0 const=0 code=96
LX51 RUN COMPLETE.  1 WARNING(S),  0 ERROR(S)
